// Jest Snapshot v1, https://goo.gl/fbAQLP

exports[`Get user User is found it returns 200 and has right properties 1`] = `
{
  "email": "test@email.fi",
  "forename": "Tester",
  "id": "1be5abcd-53d4-11ed-9342-0242ac120002",
  "isAdmin": true,
  "isAdvancedBlender": false,
  "isBlender": true,
  "isInstructor": false,
  "isMember": true,
  "phoneNumber": "00001",
  "surname": "Blender",
}
`;
